reset

###################################
#model

create surface rectangle width 50 height 50 zplane
webcut volume 1 with plane normal to curve 4 fraction 0.5
move surface all x 25 y 25 z 0 include_merged

###################################
#pml

webcut volume all with plane normal to curve 1 distance 5 from vertex 2
webcut volume all with plane normal to curve 9 distance 5 from vertex 3
webcut volume all with plane normal to curve 16 distance 5 from vertex 1

###################################
#meshing

imprint all
merge all
surf all size 1
surface all scheme TriDelaunay
mesh surface all

###################################
# materials
set duplicate block elements on

block 1 tri in surf 12 
block 2 tri in surf 4 13
block 3 tri in surf 16 
block 4 tri in surf 9 17 8 14 15 

# name nr vp vs rho qp qs pml
block 1 name "elastic 1 3000 2200 2000 10 10 0"
block 2 name "elastic 2 3000 2200 2000 10 10 1"
block 3 name "elastic 3 5000 3200 3000 9999 9999 0"
block 4 name "elastic 4 5000 3200 3000 9999 9999 1"


###################################
#edges
nodeset 1 node in curve 12 36 40 
nodeset 2 node in curve 7 28 24 19 43 45 31 33 6 

nodeset 1 name "free_surf"
nodeset 2 name "absorb"

save as "testtri.cub" overwrite




